// Jest Snapshot v1, https://goo.gl/fbAQLP

exports[`GraphQL: Postcode postcodeSearch [presets: perPage 3] by exact postcode 1`] = `
Array [
  Object {
    "lat": 51.547915089,
    "lng": -0.00743124,
    "postcode": "E20 1AA",
    "url": "https://www.google.com/maps/search/?api=1&query=51.547915089,-0.007431240",
  },
]
`;

exports[`GraphQL: Postcode postcodeSearch [presets: perPage 3] by wildcard 1`] = `
Array [
  Object {
    "lat": 51.536238,
    "lng": -0.013941,
    "postcode": "E20 2AE",
    "url": "https://www.google.com/maps/search/?api=1&query=51.536238000,-0.013941000",
  },
  Object {
    "lat": 51.536238,
    "lng": -0.013941,
    "postcode": "E20 2AF",
    "url": "https://www.google.com/maps/search/?api=1&query=51.536238000,-0.013941000",
  },
  Object {
    "lat": 51.53859,
    "lng": -0.012222,
    "postcode": "E20 2AD",
    "url": "https://www.google.com/maps/search/?api=1&query=51.538590000,-0.012222000",
  },
]
`;

exports[`GraphQL: Postcode postcodeSearch [presets: perPage 3] by wildcard: 2nd page 1`] = `
Array [
  Object {
    "lat": 51.538592,
    "lng": -0.012195,
    "postcode": "E20 2AA",
    "url": "https://www.google.com/maps/search/?api=1&query=51.538592000,-0.012195000",
  },
  Object {
    "lat": 51.538787699,
    "lng": -0.018053971,
    "postcode": "E20 2ST",
    "url": "https://www.google.com/maps/search/?api=1&query=51.538787699,-0.018053971",
  },
  Object {
    "lat": 51.539948963,
    "lng": -0.010158647,
    "postcode": "E20 2AQ",
    "url": "https://www.google.com/maps/search/?api=1&query=51.539948963,-0.010158647",
  },
]
`;
